/Users/minion/Documents/spark-java-sdk/src/main/java/com/ciscospark/Message.java
/Users/minion/Documents/spark-java-sdk/src/main/java/com/ciscospark/Membership.java
/Users/minion/Documents/spark-java-sdk/src/main/java/com/ciscospark/RequestBuilder.java
/Users/minion/Documents/spark-java-sdk/src/main/java/com/ciscospark/Webhook.java
/Users/minion/Documents/spark-java-sdk/src/main/java/com/ciscospark/SparkImpl.java
/Users/minion/Documents/spark-java-sdk/src/main/java/com/ciscospark/SparkException.java
/Users/minion/Documents/spark-java-sdk/src/main/java/com/ciscospark/RequestBuilderImpl.java
/Users/minion/Documents/spark-java-sdk/src/main/java/com/ciscospark/Room.java
/Users/minion/Documents/spark-java-sdk/src/main/java/com/ciscospark/NotAuthenticatedException.java
/Users/minion/Documents/spark-java-sdk/src/main/java/com/ciscospark/LinkedResponse.java
/Users/minion/Documents/spark-java-sdk/src/main/java/com/ciscospark/AccessTokenRequest.java
/Users/minion/Documents/spark-java-sdk/src/main/java/com/ciscospark/Client.java
/Users/minion/Documents/spark-java-sdk/src/main/java/com/ciscospark/Team.java
/Users/minion/Documents/spark-java-sdk/src/main/java/com/ciscospark/Person.java
/Users/minion/Documents/spark-java-sdk/src/main/java/com/ciscospark/TeamMembership.java
/Users/minion/Documents/spark-java-sdk/src/main/java/com/ciscospark/Spark.java
/Users/minion/Documents/spark-java-sdk/src/main/java/com/ciscospark/AccessTokenResponse.java
